\BOOKMARK [1][-]{section.0.1}{\376\377\006\105\006\102\006\057\006\105\006\107\000\040\006\110\000\040\006\064\006\061\006\055\000\040\006\105\006\063\006\046\006\104\006\107}{}% 1
\BOOKMARK [1][-]{section.0.2}{\376\377\006\063\006\047\006\056\006\052\006\047\006\061\000\040\006\057\006\047\006\057\006\107\040\014\006\107\006\047\000\040\006\110\000\040\006\052\006\055\006\104\006\314\006\104\000\040\006\042\006\105\006\047\006\061\006\314\000\040\006\047\006\110\006\104\006\314\006\107}{}% 2
\BOOKMARK [1][-]{section.0.3}{\376\377\006\105\006\107\006\106\006\057\006\063\006\314\000\040\006\110\006\314\006\230\006\257\006\314\000\040\006\110\000\040\006\176\006\314\006\064\040\014\006\176\006\061\006\057\006\047\006\062\006\064\000\040\006\057\006\047\006\057\006\107}{}% 3
\BOOKMARK [1][-]{section.0.4}{\376\377\006\105\006\057\006\104\040\014\006\063\006\047\006\062\006\314\000\040\006\110\000\040\006\047\006\104\006\257\006\110\006\061\006\314\006\052\006\105\040\014\006\107\006\047\006\314\000\040\006\314\006\047\006\057\006\257\006\314\006\061\006\314\000\040\006\105\006\047\006\064\006\314\006\106}{}% 4
\BOOKMARK [1][-]{section.0.5}{\376\377\006\106\006\052\006\047\006\314\006\054\000\040\006\110\000\040\006\105\006\055\006\057\006\110\006\057\006\314\006\052\040\014\006\107\006\047}{}% 5
\BOOKMARK [1][-]{section.0.6}{\376\377\006\105\006\063\006\314\006\061\006\107\006\047\006\314\000\040\006\176\006\314\006\064\006\106\006\107\006\047\006\057\006\314\000\040\006\050\006\061\006\047\006\314\000\040\006\050\006\107\006\050\006\110\006\057}{}% 6
\BOOKMARK [1][-]{section.0.7}{\376\377\006\052\006\055\006\104\006\314\006\104\000\040\006\107\006\105\040\014\006\176\006\110\006\064\006\047\006\106\006\314\000\040\006\060\006\047\006\052\006\314\000\040\006\110\000\040\006\110\006\047\006\050\006\063\006\052\006\257\006\314\000\040\006\056\006\110\006\047\006\106\006\064\000\040\006\206\006\106\006\057\006\251\006\314\006\110\006\050\006\314\006\052\006\314}{}% 7
\BOOKMARK [2][-]{subsection.0.7.1}{\376\377\006\054\006\057\006\047\006\314\006\064\040\014\006\176\006\060\006\314\006\061\006\314\000\040\006\060\006\047\006\052\006\314\000\040\006\052\006\251\040\014\006\251\006\314\006\110\006\050\006\314\006\052\006\314}{section.0.7}% 8
\BOOKMARK [2][-]{subsection.0.7.2}{\376\377\006\052\006\055\006\104\006\314\006\104\000\040\006\110\006\047\006\050\006\063\006\052\006\257\006\314\000\040\006\050\006\314\006\106\040\014\006\251\006\314\006\110\006\050\006\314\006\052\006\314\000\040\000\050\000C\000r\000o\000s\000s\000-\000t\000a\000l\000k\000\051}{section.0.7}% 9
\BOOKMARK [2][-]{subsection.0.7.3}{\376\377\006\106\006\052\006\314\006\054\006\107\040\014\006\257\006\314\006\061\006\314\000\040\006\052\006\055\006\104\006\314\006\104\006\314}{section.0.7}% 10
\BOOKMARK [1][-]{section.0.8}{\376\377\006\057\006\314\006\251\006\110\006\057\006\061\000\040\006\257\006\047\006\110\006\063\006\314\000\040\006\050\006\314\006\062\006\314\000\040\000\050\006\052\006\055\006\104\006\314\006\104\000\040\006\052\006\105\006\047\006\314\006\062\000\040\006\057\006\061\006\054\006\107\000\040\006\057\006\110\006\105\000\051}{}% 11
\BOOKMARK [2][-]{subsection.0.8.1}{\376\377\006\047\006\106\006\257\006\314\006\062\006\107\000\040\006\110\000\040\006\107\006\057\006\101}{section.0.8}% 12
\BOOKMARK [2][-]{subsection.0.8.2}{\376\377\006\101\006\061\006\066\040\014\006\107\006\047\006\314\000\040\006\105\006\057\006\104\000\040\006\110\000\040\006\101\006\061\006\105\000\040\006\061\006\314\006\047\006\066\006\314}{section.0.8}% 13
\BOOKMARK [2][-]{subsection.0.8.3}{\376\377\006\176\006\047\006\061\006\047\006\105\006\052\006\061\006\107\006\047\006\314\000\040\006\105\006\057\006\104\000\040\006\110\000\040\006\105\006\106\006\070\006\105\040\014\006\063\006\047\006\062\006\314}{section.0.8}% 14
\BOOKMARK [2][-]{subsection.0.8.4}{\376\377\006\106\006\061\006\105\006\047\006\104\040\014\006\063\006\047\006\062\006\314\000\040\006\110\006\314\006\230\006\257\006\314\000\040\006\110\000\040\000S\000h\000r\000i\000n\000k\000a\000g\000e}{section.0.8}% 15
\BOOKMARK [2][-]{subsection.0.8.5}{\376\377\006\052\006\055\006\104\006\314\006\104\000\040\006\105\006\047\006\052\006\061\006\314\006\063\000\040\006\042\006\064\006\101\006\052\006\257\006\314}{section.0.8}% 16
\BOOKMARK [2][-]{subsection.0.8.6}{\376\377\006\054\006\105\006\071\040\014\006\050\006\106\006\057\006\314\000\040\006\061\006\110\006\064}{section.0.8}% 17
\BOOKMARK [1][-]{section.0.9}{\376\377\006\105\006\057\006\104\000\040\006\105\006\056\006\104\006\110\006\067\000\040\006\257\006\047\006\110\006\063\006\314\000\040\000\050\000G\000a\000u\000s\000s\000i\000a\000n\000\040\000M\000i\000x\000t\000u\000r\000e\000\040\000M\000o\000d\000e\000l\000\051\000\040\006\050\006\061\006\047\006\314\000\040\006\057\006\314\006\251\006\110\006\057\006\314\006\106\006\257\000\040\006\206\006\106\006\057\006\055\006\047\006\104\006\052\006\107}{}% 18
\BOOKMARK [2][-]{subsection.0.9.1}{\376\377\006\047\006\106\006\257\006\314\006\062\006\107\000\040\006\110\000\040\006\206\006\047\006\061\006\206\006\110\006\050\000\040\006\061\006\110\006\064}{section.0.9}% 19
\BOOKMARK [2][-]{subsection.0.9.2}{\376\377\006\052\006\106\006\070\006\314\006\105\000\040\006\052\006\071\006\057\006\047\006\057\000\040\006\105\006\044\006\104\006\101\006\107\040\014\006\107\006\047}{section.0.9}% 20
\BOOKMARK [2][-]{subsection.0.9.3}{\376\377\006\106\006\052\006\047\006\314\006\054\000\040\006\071\006\057\006\057\006\314}{section.0.9}% 21
\BOOKMARK [2][-]{subsection.0.9.4}{\376\377\006\052\006\055\006\104\006\314\006\104\000\040\006\106\006\052\006\047\006\314\006\054}{section.0.9}% 22
\BOOKMARK [2][-]{subsection.0.9.5}{\376\377\006\054\006\105\006\071\040\014\006\050\006\106\006\057\006\314}{section.0.9}% 23
\BOOKMARK [1][-]{section.0.10}{\376\377\006\054\006\105\006\071\040\014\006\050\006\106\006\057\006\314}{}% 24
