\BOOKMARK [1][-]{section.0.0.1}{\376\377\006\107\006\057\006\101\000\040\006\110\000\040\006\052\006\065\006\110\006\314\006\061\000\040\006\251\006\104\006\314}{}% 1
\BOOKMARK [1][-]{section.0.0.2}{\376\377\006\105\006\071\006\105\006\047\006\061\006\314\000\040\006\251\006\104\006\314\000\040\006\056\006\067\000\040\006\104\006\110\006\104\006\107\000\040\006\176\006\061\006\110\006\230\006\107}{}% 2
\BOOKMARK [1][-]{section.0.0.3}{\376\377\006\057\006\047\006\057\006\107\040\014\006\107\006\047\006\314\000\040\006\052\006\054\006\061\006\050\006\314\000\040\000I\000Q}{}% 3
\BOOKMARK [2][-]{subsection.0.0.3.1}{\376\377\006\063\006\047\006\056\006\052\006\047\006\061\000\040\006\101\006\047\006\314\006\104\040\014\006\107\006\047}{section.0.0.3}% 4
\BOOKMARK [2][-]{subsection.0.0.3.2}{\376\377\006\050\006\061\006\206\006\063\006\050\040\014\006\257\006\060\006\047\006\061\006\314\000\040\006\110\000\040\006\052\006\061\006\052\006\314\006\050\000\040\006\050\006\314\006\052\040\014\006\107\006\047}{section.0.0.3}% 5
\BOOKMARK [2][-]{subsection.0.0.3.3}{\376\377\006\047\006\050\006\061\006\107\006\047\006\314\000\040\000I\000Q\000\040\006\110\000\040\006\105\006\071\006\106\006\047\006\314\000\040\006\101\006\314\006\062\006\314\006\251\006\314\000\040\006\042\006\106\040\014\006\107\006\047}{section.0.0.3}% 6
\BOOKMARK [1][-]{section.0.0.4}{\376\377\006\047\006\063\006\052\006\056\006\061\006\047\006\054\000\040\006\105\006\047\006\052\006\061\006\314\006\063\040\014\006\107\006\047\006\314\000\040\006\106\006\110\006\314\006\062\000\040\006\056\006\110\006\047\006\106\006\064}{}% 7
\BOOKMARK [2][-]{subsection.0.0.4.1}{\376\377\006\105\006\057\006\104\000\040\000L\000i\000n\000e\000a\000r\000\040\000D\000i\000s\000c\000r\000i\000m\000i\000n\000a\000n\000t\000\040\000A\000n\000a\000l\000y\000s\000i\000s}{section.0.0.4}% 8
\BOOKMARK [2][-]{subsection.0.0.4.2}{\376\377\006\105\006\047\006\052\006\061\006\314\006\063\040\014\006\107\006\047\006\314\000\040\006\052\006\251\040\014\006\251\006\314\006\110\006\050\006\314\006\052\006\314\000\040\0002\0002}{section.0.0.4}% 9
\BOOKMARK [2][-]{subsection.0.0.4.3}{\376\377\006\105\006\047\006\052\006\061\006\314\006\063\000\040\006\107\006\105\006\050\006\063\006\052\006\107\000\040\0001\0006\0001\0006}{section.0.0.4}% 10
\BOOKMARK [2][-]{subsection.0.0.4.4}{\376\377\006\047\006\071\006\052\006\050\006\047\006\061\006\063\006\106\006\054\006\314\000\040\006\105\006\047\006\052\006\061\006\314\006\063\040\014\006\107\006\047\006\314\000\040\006\106\006\110\006\314\006\062}{section.0.0.4}% 11
\BOOKMARK [2][-]{subsection.0.0.4.5}{\376\377\006\206\006\061\006\047\000\040\006\105\006\047\006\052\006\061\006\314\006\063\000\040\0001\0006\0001\0006\000\040\006\050\006\061\006\047\006\050\006\061\000\040\006\251\006\061\006\110\006\106\006\251\006\061\000\040\006\206\006\107\006\047\006\061\000\040\006\105\006\047\006\052\006\061\006\314\006\063\000\040\0002\0002\000\040\006\106\006\314\006\063\006\052\006\037}{section.0.0.4}% 12
\BOOKMARK [1][-]{section.0.0.5}{\376\377\006\105\006\057\006\047\006\061\006\107\006\047\006\314\000\040\006\251\006\110\006\047\006\106\006\052\006\110\006\105\006\314\000\040\006\047\006\063\006\052\006\101\006\047\006\057\006\107\040\014\006\064\006\057\006\107\000\040\006\057\006\061\000\040\006\050\006\056\006\064\000\040\006\057\006\110\006\105}{}% 13
\BOOKMARK [2][-]{subsection.0.0.5.1}{\376\377\006\105\006\057\006\047\006\061\000\040\006\105\006\063\006\052\006\102\006\104\000\040\000I\000n\000d\000e\000p\000e\000n\000d\000e\000n\000t\000\040\000R\000Y}{section.0.0.5}% 14
\BOOKMARK [2][-]{subsection.0.0.5.2}{\376\377\006\105\006\057\006\047\006\061\000\040\000Z\000Z\000\040\000F\000e\000a\000t\000u\000r\000e\000M\000a\000p}{section.0.0.5}% 15
\BOOKMARK [1][-]{section.0.0.6}{\376\377\006\063\006\107\000\040\006\105\006\057\006\104\000\040\006\106\006\110\006\314\006\062\000\040\006\056\006\110\006\047\006\106\006\064}{}% 16
\BOOKMARK [2][-]{subsection.0.0.6.1}{\376\377\006\106\006\110\006\314\006\062\000\040\006\105\006\065\006\106\006\110\006\071\006\314}{section.0.0.6}% 17
\BOOKMARK [2][-]{subsection.0.0.6.2}{\376\377\006\106\006\110\006\314\006\062\000\040\006\052\006\054\006\061\006\050\006\314\000\040\006\052\006\251\040\014\006\251\006\314\006\110\006\050\006\314\006\052\006\314}{section.0.0.6}% 18
\BOOKMARK [2][-]{subsection.0.0.6.3}{\376\377\006\106\006\110\006\314\006\062\000\040\006\052\006\054\006\061\006\050\006\314\000\040\006\107\006\105\006\050\006\063\006\052\006\107}{section.0.0.6}% 19
\BOOKMARK [1][-]{section.0.0.7}{\376\377\006\052\006\110\006\104\006\314\006\057\000\040\006\057\006\314\006\052\006\047\006\063\006\052\006\014\000\040\006\047\006\063\006\052\006\061\006\047\006\052\006\230\006\314\000\040\006\042\006\062\006\105\006\047\006\314\006\064\000\040\006\110\000\040\006\105\006\057\006\104\000\040\006\314\006\047\006\057\006\257\006\314\006\061\006\314\000\040\006\105\006\047\006\064\006\314\006\106}{}% 20
\BOOKMARK [2][-]{subsection.0.0.7.1}{\376\377\006\047\006\063\006\052\006\061\006\047\006\052\006\230\006\314\000\040\006\067\006\061\006\047\006\055\006\314\000\040\006\057\006\314\006\052\006\047\006\063\006\052\040\014\006\107\006\047}{section.0.0.7}% 21
\BOOKMARK [2][-]{subsection.0.0.7.2}{\376\377\006\056\006\067\000\040\006\104\006\110\006\104\006\107\000\040\006\052\006\110\006\104\006\314\006\057\000\040\006\057\006\314\006\052\006\047\006\063\006\052}{section.0.0.7}% 22
\BOOKMARK [2][-]{subsection.0.0.7.3}{\376\377\006\106\006\102\006\064\000\040\006\105\006\057\006\104\000\040\000M\000L\000P\000:\000\040\006\052\006\102\006\061\006\314\006\050\000\040\006\251\006\047\006\106\006\047\006\104\000\040\006\105\006\071\006\251\006\110\006\063}{section.0.0.7}% 23
\BOOKMARK [1][-]{section.0.0.8}{\376\377\006\105\006\071\006\314\006\047\006\061\006\107\006\047\006\314\000\040\006\047\006\061\006\062\006\314\006\047\006\050\006\314\000\040\006\110\000\040\000b\000a\000s\000e\000l\000i\000n\000e\006\107\006\047}{}% 24
\BOOKMARK [2][-]{subsection.0.0.8.1}{\376\377\000F\000i\000d\000e\000l\000i\000t\000y\000\040\000\050\006\110\006\101\006\047\006\057\006\047\006\061\006\314\000\040\000/\000\040\006\064\006\050\006\047\006\107\006\052\000\040\000B\000h\000a\000t\000t\000a\000c\000h\000a\000r\000y\000y\000a\000-\000b\000a\000s\000e\000d\000\051}{section.0.0.8}% 25
\BOOKMARK [2][-]{subsection.0.0.8.2}{\376\377\000L\0001\000\040\000E\000r\000r\000o\000r\000\040\000\050\006\101\006\047\006\065\006\104\006\107\000\040\006\105\006\106\006\107\006\052\006\106\000\040\000/\000\040\000T\000o\000t\000a\000l\000\040\000V\000a\000r\000i\000a\000t\000i\000o\000n\000-\000l\000i\000k\000e\000\051}{section.0.0.8}% 26
\BOOKMARK [2][-]{subsection.0.0.8.3}{\376\377\000K\000L\000\040\000D\000i\000v\000e\000r\000g\000e\000n\000c\000e\000\040\000\050\006\110\006\047\006\257\006\061\006\047\006\314\006\314\000\040\006\251\006\110\006\104\006\050\006\047\006\251\040\023\006\104\006\314\006\050\006\104\006\061\000\051}{section.0.0.8}% 27
\BOOKMARK [2][-]{subsection.0.0.8.4}{\376\377\006\106\006\102\006\064\000\040\006\107\006\061\000\040\006\105\006\071\006\314\006\047\006\061\000\040\006\057\006\061\000\040\006\176\006\061\006\110\006\230\006\107}{section.0.0.8}% 28
\BOOKMARK [2][-]{subsection.0.0.8.5}{\376\377\006\063\006\107\000\040\006\055\006\047\006\104\006\052\000\040\006\105\006\102\006\047\006\314\006\063\006\107\000\040\006\057\006\061\000\040\006\047\006\061\006\062\006\314\006\047\006\050\006\314}{section.0.0.8}% 29
\BOOKMARK [1][-]{section.0.0.9}{\376\377\006\206\006\047\006\104\006\064\040\014\006\107\006\047\006\014\000\040\006\047\006\065\006\104\006\047\006\055\006\047\006\052\000\040\006\110\000\040\006\106\006\052\006\047\006\314\006\054}{}% 30
\BOOKMARK [2][-]{subsection.0.0.9.1}{\376\377\006\206\006\047\006\104\006\064\040\014\006\107\006\047\006\314\000\040\006\176\006\061\006\110\006\230\006\107\000\040\006\110\000\040\006\061\006\047\006\107\040\014\006\055\006\104\040\014\006\107\006\047}{section.0.0.9}% 31
\BOOKMARK [2][-]{subsection.0.0.9.2}{\376\377\006\050\006\061\006\061\006\063\006\314\000\040\006\206\006\047\006\104\006\064\000\040\006\314\006\251\006\106\006\110\006\047\006\056\006\052\006\314\000\040\000Z\000Z\000F\000e\000a\000t\000u\000r\000e\000M\000a\000p}{section.0.0.9}% 32
\BOOKMARK [2][-]{subsection.0.0.9.3}{\376\377\006\054\006\057\006\110\006\104\000\040\006\047\006\065\006\104\006\314\000\040\006\106\006\052\006\047\006\314\006\054\000\040\000\050\006\047\006\061\006\062\006\314\006\047\006\050\006\314\000\040\006\050\006\047\000\040\006\106\006\110\006\314\006\062\000\040\006\105\006\106\006\067\006\050\006\102\000\051}{section.0.0.9}% 33
\BOOKMARK [2][-]{subsection.0.0.9.4}{\376\377\006\052\006\055\006\104\006\314\006\104\000\040\000b\000a\000s\000e\000l\000i\000n\000e}{section.0.0.9}% 34
\BOOKMARK [2][-]{subsection.0.0.9.5}{\376\377\006\047\006\053\006\061\000\040\006\042\006\105\006\110\006\062\006\064\000\040\006\050\006\047\000\040\006\106\006\110\006\314\006\062\000\040\006\105\006\106\006\067\006\050\006\102}{section.0.0.9}% 35
\BOOKMARK [2][-]{subsection.0.0.9.6}{\376\377\006\106\006\105\006\110\006\057\006\047\006\061\000\040\000f\000i\000d\000e\000l\000i\000t\000y\000:\000\040\000b\000a\000s\000e\000l\000i\000n\000e\000\040\006\057\006\061\000\040\006\050\006\061\006\047\006\050\006\061\000\040\006\042\006\105\006\110\006\062\006\064}{section.0.0.9}% 36
\BOOKMARK [2][-]{subsection.0.0.9.7}{\376\377\006\057\006\047\006\064\006\050\006\110\006\061\006\057\000\040\006\063\006\107\000\040\006\105\006\071\006\314\006\047\006\061}{section.0.0.9}% 37
\BOOKMARK [2][-]{subsection.0.0.9.8}{\376\377\006\054\006\105\006\071\040\014\006\050\006\106\006\057\006\314\000\040\006\106\006\052\006\047\006\314\006\054}{section.0.0.9}% 38
\BOOKMARK [1][-]{section.0.0.10}{\376\377\006\105\006\055\006\057\006\110\006\057\006\314\006\052\040\014\006\107\006\047\006\314\000\040\006\101\006\071\006\104\006\314\000\040\006\176\006\061\006\110\006\230\006\107}{}% 39
\BOOKMARK [1][-]{section.0.0.11}{\376\377\006\106\006\251\006\047\006\052\000\040\006\055\006\063\006\047\006\063\000\040\006\110\000\040\006\052\006\110\006\065\006\314\006\107\040\014\006\107\006\047\006\314\000\040\006\071\006\105\006\104\006\314}{}% 40
\BOOKMARK [1][-]{section.0.0.12}{\376\377\006\054\006\105\006\071\040\014\006\050\006\106\006\057\006\314\000\040\006\106\006\107\006\047\006\314\006\314}{}% 41
