\BOOKMARK [0][-]{chapter.0.1}{\376\377\006\251\006\047\006\107\006\064\000\040\006\056\006\067\006\047\006\314\000\040\006\056\006\110\006\047\006\106\006\064\000\040\006\251\006\314\006\110\006\050\006\314\006\052\000\040\006\050\006\047\000\040\006\047\006\063\006\052\006\101\006\047\006\057\006\107\000\040\006\047\006\062\000\040\006\314\006\047\006\057\006\257\006\314\006\061\006\314\000\040\006\105\006\047\006\064\006\314\006\106}{}% 1
\BOOKMARK [1][-]{section.0.1.1}{\376\377\006\105\006\102\006\057\006\105\006\107}{chapter.0.1}% 2
\BOOKMARK [1][-]{section.0.1.2}{\376\377\006\063\006\047\006\056\006\052\006\047\006\061\000\040\006\057\006\047\006\057\006\107\040\014\006\107\006\047}{chapter.0.1}% 3
\BOOKMARK [2][-]{subsection.0.1.2.1}{\376\377\006\050\006\047\006\061\006\257\006\060\006\047\006\061\006\314\000\040\006\110\000\040\006\063\006\047\006\062\006\105\006\047\006\106\006\057\006\107\006\314\000\040\006\057\006\047\006\057\006\107}{section.0.1.2}% 4
\BOOKMARK [1][-]{section.0.1.3}{\376\377\006\052\006\055\006\104\006\314\006\104\000\040\006\042\006\105\006\047\006\061\006\314\000\040\006\047\006\110\006\104\006\314\006\107}{chapter.0.1}% 5
\BOOKMARK [1][-]{section.0.1.4}{\376\377\006\105\006\107\006\106\006\057\006\063\006\314\000\040\006\110\006\314\006\230\006\257\006\314\000\040\006\110\000\040\006\176\006\314\006\064\040\014\006\176\006\061\006\057\006\047\006\062\006\064}{chapter.0.1}% 6
\BOOKMARK [2][-]{subsection.0.1.4.1}{\376\377\006\106\006\105\006\047\006\314\006\064\000\040\006\055\006\102\006\314\006\102\006\314\000-\006\105\006\110\006\107\006\110\006\105\006\314}{section.0.1.4}% 7
\BOOKMARK [2][-]{subsection.0.1.4.2}{\376\377\006\106\006\105\006\047\006\314\006\064\000\040\006\057\006\047\006\105\006\106\006\107\000-\006\101\006\047\006\062}{section.0.1.4}% 8
\BOOKMARK [2][-]{subsection.0.1.4.3}{\376\377\006\106\006\061\006\105\006\047\006\104\040\014\006\063\006\047\006\062\006\314\000\040\006\057\006\047\006\057\006\107\040\014\006\107\006\047}{section.0.1.4}% 9
\BOOKMARK [1][-]{section.0.1.5}{\376\377\006\052\006\055\006\104\006\314\006\104\000\040\006\054\006\057\006\047\006\314\006\064\040\014\006\176\006\060\006\314\006\061\006\314\000\040\006\052\006\251\040\014\006\251\006\314\006\110\006\050\006\314\006\052\006\314}{chapter.0.1}% 10
\BOOKMARK [1][-]{section.0.1.6}{\376\377\006\105\006\057\006\104\040\014\006\063\006\047\006\062\006\314\000\040\006\050\006\047\000\040\000S\000V\000M}{chapter.0.1}% 11
\BOOKMARK [2][-]{subsection.0.1.6.1}{\376\377\006\251\006\061\006\106\006\104\040\014\006\107\006\047\006\314\000\040\006\047\006\063\006\052\006\047\006\106\006\057\006\047\006\061\006\057}{section.0.1.6}% 12
\BOOKMARK [2][-]{subsection.0.1.6.2}{\376\377\006\251\006\061\006\106\006\104\000\040\006\047\006\104\006\107\006\047\006\105\040\014\006\257\006\061\006\101\006\052\006\107\000\040\006\047\006\062\000\040\006\251\006\110\006\047\006\106\006\052\006\110\006\105}{section.0.1.6}% 13
\BOOKMARK [1][-]{section.0.1.7}{\376\377\006\052\006\055\006\104\006\314\006\104\000\040\006\110\006\047\006\050\006\063\006\052\006\257\006\314\000\040\006\050\006\314\006\106\000\040\006\251\006\314\006\110\006\050\006\314\006\052\040\014\006\107\006\047}{chapter.0.1}% 14
\BOOKMARK [1][-]{section.0.1.8}{\376\377\006\105\006\057\006\104\000\040\006\257\006\047\006\110\006\063\006\314\000\040\006\050\006\314\006\062\006\314\000\040\000\050\000Q\000D\000A\000\051}{chapter.0.1}% 15
\BOOKMARK [1][-]{section.0.1.9}{\376\377\006\105\006\057\006\104\000\040\006\105\006\056\006\104\006\110\006\067\000\040\006\257\006\047\006\110\006\063\006\314\000\040\000\050\000G\000M\000M\000\051}{chapter.0.1}% 16
\BOOKMARK [1][-]{section.0.1.10}{\376\377\006\050\006\055\006\053\000\040\006\110\000\040\006\052\006\055\006\104\006\314\006\104\000\040\006\106\006\107\006\047\006\314\006\314}{chapter.0.1}% 17
\BOOKMARK [1][-]{section.0.1.11}{\376\377\006\105\006\063\006\314\006\061\006\107\006\047\006\314\000\040\006\176\006\314\006\064\006\106\006\107\006\047\006\057\006\314}{chapter.0.1}% 18
\BOOKMARK [2][-]{subsection.0.1.11.1}{\376\377\006\050\006\107\006\050\006\110\006\057\006\107\006\047\006\314\000\040\006\101\006\314\006\062\006\314\006\251\006\314}{section.0.1.11}% 19
\BOOKMARK [2][-]{subsection.0.1.11.2}{\376\377\006\050\006\107\006\050\006\110\006\057\006\107\006\047\006\314\000\040\006\047\006\104\006\257\006\110\006\061\006\314\006\052\006\105\006\314}{section.0.1.11}% 20
\BOOKMARK [1][-]{section.0.1.12}{\376\377\006\054\006\105\006\071\040\014\006\050\006\106\006\057\006\314}{chapter.0.1}% 21
